---
source: src/resolution.rs
expression: resolve

---
activated:
  - biff/root@1.0.0
  - biff/server@1.0.0
metadata:
  biff/root@1.0.0:
    realm: shared
    server_only: false
  biff/server@1.0.0:
    realm: server
    server_only: true
shared_dependencies: {}
server_dependencies:
  biff/root@1.0.0:
    Server: biff/server@1.0.0

