---
source: tests/integration/workspace_install.rs
expression: result

---
Packages:
  SharedLib.lua: "return require(script.Parent._Workspace[\"team_shared-lib@0.1.0\"][\"shared-lib\"])\n"
  _Workspace:
    team_shared-lib@0.1.0:
      shared-lib:
        default.project.json: "{\n  \"name\": \"shared-lib\",\n  \"tree\": {\n    \"$path\": \"../../../../modules/shared-lib\"\n  }\n}"
ServerPackages:
  _Workspace:
    team_server-pkg@0.1.0:
      SharedLib.lua: "return require(game.ReplicatedStorage.Packages._Workspace[\"team_shared-lib@0.1.0\"][\"shared-lib\"])\n"
      server-pkg:
        default.project.json: "{\n  \"name\": \"server-pkg\",\n  \"tree\": {\n    \"$path\": \"../../../../modules/server-pkg\"\n  }\n}"
modules:
  server-pkg:
    default.project.json: "{\n\t\"name\": \"server-pkg\",\n\t\"tree\": {\n\t\t\"$path\": \"src\"\n\t}\n}\n"
    src:
      init.lua: "local SharedLib = require(script.Parent.SharedLib)\n\nreturn function()\n\tprint(SharedLib)\nend\n"
    wally.toml: "[package]\nname = \"team/server-pkg\"\nversion = \"0.1.0\"\nlicense = \"MIT\"\nrealm = \"server\"\nregistry = \"test-registries/primary-registry\"\n\n[server-dependencies]\nSharedLib = { path = \"../shared-lib\" }\n"
  shared-lib:
    default.project.json: "{\n\t\"name\": \"shared-lib\",\n\t\"tree\": {\n\t\t\"$path\": \"src\"\n\t}\n}\n"
    src:
      init.lua: "return \"shared-lib\"\n"
    wally.toml: "[package]\nname = \"team/shared-lib\"\nversion = \"0.1.0\"\nlicense = \"MIT\"\nrealm = \"shared\"\nregistry = \"test-registries/primary-registry\"\n"
wally.lock: "# This file is automatically @generated by Wally.\n# It is not intended for manual editing.\nregistry = \"test\"\n\n[[package]]\nname = \"team/server-pkg\"\nversion = \"0.1.0\"\npath = \"modules/server-pkg\"\ndependencies = [\n\t[\"SharedLib\", \"team/shared-lib@0.1.0\"],\n]\n\n[[package]]\nname = \"team/shared-lib\"\nversion = \"0.1.0\"\npath = \"modules/shared-lib\"\ndependencies = []\n\n"
wally.toml: "[workspace]\nmembers = [\"modules/*\"]\nregistry = \"test-registries/primary-registry\"\n\n[workspace.place]\nshared-packages = \"game.ReplicatedStorage.Packages\"\nserver-packages = \"game.ServerScriptService.Packages\"\n"

